feature@org.rubypeople.rdt=COPY,/home/misto/repos/rdt,org.rubypeople.rdt-feature
plugin@org.kxml2=COPY,/home/misto/repos/rdt,org.kxml2
plugin@org.rubypeople.rdt.doc.user=COPY,/home/misto/repos/rdt,org.rubypeople.rdt.doc.user
plugin@org.epic.regexp=COPY,/home/misto/repos/rdt,org.epic.regexp
plugin@org.rubypeople.rdt.ui=COPY,/home/misto/repos/rdt,org.rubypeople.rdt.ui
plugin@org.rubypeople.rdt=COPY,/home/misto/repos/rdt,org.rubypeople.rdt
plugin@org.rubypeople.rdt.testunit=COPY,/home/misto/repos/rdt,org.rubypeople.rdt.testunit
plugin@org.rubypeople.rdt.launching=COPY,/home/misto/repos/rdt,org.rubypeople.rdt.launching
plugin@org.rubypeople.rdt.debug.ui=COPY,/home/misto/repos/rdt,org.rubypeople.rdt.debug.ui
plugin@org.rubypeople.rdt.debug.core=COPY,/home/misto/repos/rdt,org.rubypeople.rdt.debug.core
plugin@org.rubypeople.rdt.core=COPY,/home/misto/repos/rdt,org.rubypeople.rdt.core
plugin@org.jruby=COPY,/home/misto/repos/rdt,org.jruby
plugin@org.rubypeople.rdt.refactoring=COPY,/home/misto/repos/rdt_rdt,org.rubypeople.rdt.refactoring
plugin@com.aptana.rdt=COPY,/home/misto/repos/rdt,com.aptana.rdt
plugin@com.aptana.rdt.ui=COPY,/home/misto/repos/rdt_original,com.aptana.rdt.ui
feature@org.rubypeople.rdt-tests=COPY,/home/misto/repos/rdt,org.rubypeople.rdt-test-feature
plugin@org.rubypeople.eclipse.shams=COPY,/home/misto/repos/rdt,org.rubypeople.eclipse.shams
plugin@org.rubypeople.eclipse.testutils=COPY,/home/misto/repos/rdt,org.rubypeople.eclipse.testutils
plugin@org.rubypeople.rdt.core.tests=COPY,/home/misto/repos/rdt,org.rubypeople.rdt.core.tests
plugin@org.rubypeople.rdt.debug.core.tests=COPY,/home/misto/repos/rdt,org.rubypeople.rdt.debug.core.tests
plugin@org.rubypeople.rdt.debug.ui.tests=COPY,/home/misto/repos/rdt,org.rubypeople.rdt.debug.ui.tests
plugin@org.rubypeople.rdt.launching.tests=COPY,/home/misto/repos/rdt,org.rubypeople.rdt.launching.tests
plugin@org.rubypeople.rdt.tests.all=COPY,/home/misto/repos/rdt,org.rubypeople.rdt.tests.all
plugin@org.rubypeople.rdt.ui.tests=COPY,/home/misto/repos/rdt,org.rubypeople.rdt.ui.tests
plugin@org.rubypeople.rdt.refactoring.tests=COPY,/home/misto/repos/rdt,org.rubypeople.rdt.refactoring.tests
plugin@com.aptana.rdt.tests=COPY,/home/misto/repos/rdt,com.aptana.rdt.tests
