!***************  RDT CONTRIBUTION  ******************************************************** 
!* This script defines to use the cvs ext protocol to get the plugin projects. Therefore
!* cvs must be configured to access cvs.sf.net with appropriate username and password
!* when called with the ext method 
!* The reason why we can not use pserver here is the update gap between ssh and pserver
!* access. So, if the automatic build runs immediately (up to several hours) after
!* files have been commited via ssh cvs access, it must also use ssh access. Otherwise
!* some of the latest updates might be lost.
!* Example for pserver root: :pserver:anonymous@cvs.sf.net:/cvsroot/rubyeclipse
!* Because of security issues on the compile farm it is not possible to use ssh
!* to access the cvs server. Therefore the build process can be configured to
!* replace the ext method defined here with pserver. 
!* See customTargets.xml target getMapFiles


feature@org.rubypeople.rdt=HEAD,:ext:cvs.sf.net:/cvsroot/rubyeclipse,,org.rubypeople.rdt-feature

plugin@org.kxml2=HEAD,:ext:cvs.sf.net:/cvsroot/rubyeclipse,
plugin@org.rubypeople.rdt=HEAD,:ext:cvs.sf.net:/cvsroot/rubyeclipse,
plugin@org.rubypeople.rdt.core=HEAD,:ext:cvs.sf.net:/cvsroot/rubyeclipse,
plugin@org.rubypeople.rdt.debug.core=HEAD,:ext:cvs.sf.net:/cvsroot/rubyeclipse,
plugin@org.rubypeople.rdt.debug.ui=HEAD,:ext:cvs.sf.net:/cvsroot/rubyeclipse,
plugin@org.rubypeople.rdt.ui=HEAD,:ext:cvs.sf.net:/cvsroot/rubyeclipse,
plugin@org.rubypeople.rdt.launching=HEAD,:ext:cvs.sf.net:/cvsroot/rubyeclipse,
plugin@org.rubypeople.rdt.testunit=HEAD,:ext:cvs.sf.net:/cvsroot/rubyeclipse,
plugin@org.rubypeople.rdt.doc.user=HEAD,:ext:cvs.sf.net:/cvsroot/rubyeclipse,
plugin@org.epic.regexp=HEAD,:ext:cvs.sf.net:/cvsroot/rubyeclipse,
plugin@org.rubypeople.rdt.ri=HEAD,:ext:cvs.sf.net:/cvsroot/rubyeclipse,


feature@org.rubypeople.rdt-tests=HEAD,:ext:cvs.sf.net:/cvsroot/rubyeclipse,,org.rubypeople.rdt-feature/unit-tests-feature

plugin@org.rubypeople.eclipse.shams=HEAD,:ext:cvs.sf.net:/cvsroot/rubyeclipse,
plugin@org.rubypeople.eclipse.testutils=HEAD,:ext:cvs.sf.net:/cvsroot/rubyeclipse,
plugin@org.rubypeople.rdt.core.tests=HEAD,:ext:cvs.sf.net:/cvsroot/rubyeclipse,
plugin@org.rubypeople.rdt.ui.tests=HEAD,:ext:cvs.sf.net:/cvsroot/rubyeclipse,
plugin@org.rubypeople.rdt.debug.core.tests=HEAD,:ext:cvs.sf.net:/cvsroot/rubyeclipse,
plugin@org.rubypeople.rdt.debug.ui.tests=HEAD,:ext:cvs.sf.net:/cvsroot/rubyeclipse,
plugin@org.rubypeople.rdt.launching.tests=HEAD,:ext:cvs.sf.net:/cvsroot/rubyeclipse,
plugin@org.rubypeople.rdt.tests.all=HEAD,:ext:cvs.sf.net:/cvsroot/rubyeclipse,
